
> pull@0.1.0 db:migrate
> drizzle-kit migrate

No config path provided, using default 'drizzle.config.ts'
Reading config file '/Users/sp10/Desktop/BuilderOS/drizzle.config.ts'
Using 'postgres' driver for database querying
[⣷] applying migrations...{
  severity_local: 'NOTICE',
  severity: 'NOTICE',
  code: '42P06',
  message: 'schema "drizzle" already exists, skipping',
  file: 'schemacmds.c',
  line: '132',
  routine: 'CreateSchemaCommand'
}
{
  severity_local: 'NOTICE',
  severity: 'NOTICE',
  code: '42P07',
  message: 'relation "__drizzle_migrations" already exists, skipping',
  file: 'parse_utilcmd.c',
  line: '207',
  routine: 'transformCreateStmt'
}
[2K[1G[⣯] applying migrations...[2K[1G[⣟] applying migrations...{
  severity_local: 'NOTICE',
  severity: 'NOTICE',
  code: '42622',
  message: 'identifier "submission_review_events_submission_id_project_submissions_id_fk" will be truncated to "submission_review_events_submission_id_project_submissions_id_f"',
  where: 'compilation of PL/pgSQL function "inline_code_block" near line 1',
  file: 'scansup.c',
  line: '99',
  routine: 'truncate_identifier'
}
{
  severity_local: 'NOTICE',
  severity: 'NOTICE',
  code: '42622',
  message: 'identifier "submission_review_events_submission_id_project_submissions_id_fk" will be truncated to "submission_review_events_submission_id_project_submissions_id_f"',
  position: '17',
  file: 'scansup.c',
  line: '99',
  routine: 'truncate_identifier'
}
{
  severity_local: 'NOTICE',
  severity: 'NOTICE',
  code: '42622',
  message: 'identifier "submission_review_events_submission_id_project_submissions_id_fk" will be truncated to "submission_review_events_submission_id_project_submissions_id_f"',
  where: 'SQL statement "ALTER TABLE "submission_review_events" ADD CONSTRAINT "submission_review_events_submission_id_project_submissions_id_fk" FOREIGN KEY ("submission_id") REFERENCES "public"."project_submissions"("id") ON DELETE cascade ON UPDATE no action"\n' +
    'PL/pgSQL function inline_code_block line 2 at SQL statement',
  file: 'scansup.c',
  line: '99',
  routine: 'truncate_identifier'
}
[2K[1G[⡿] applying migrations...{
  severity_local: 'NOTICE',
  severity: 'NOTICE',
  code: '42710',
  message: 'enum label "needs_changes" already exists, skipping',
  file: 'pg_enum.c',
  line: '341',
  routine: 'AddEnumLabel'
}
{
  severity_local: 'NOTICE',
  severity: 'NOTICE',
  code: '42P07',
  message: 'relation "github_commits" already exists, skipping',
  file: 'parse_utilcmd.c',
  line: '207',
  routine: 'transformCreateStmt'
}
{
  severity_local: 'NOTICE',
  severity: 'NOTICE',
  code: '42P07',
  message: 'relation "github_connections" already exists, skipping',
  file: 'parse_utilcmd.c',
  line: '207',
  routine: 'transformCreateStmt'
}
{
  severity_local: 'NOTICE',
  severity: 'NOTICE',
  code: '42P07',
  message: 'relation "github_contribution_days" already exists, skipping',
  file: 'parse_utilcmd.c',
  line: '207',
  routine: 'transformCreateStmt'
}
{
  severity_local: 'NOTICE',
  severity: 'NOTICE',
  code: '42P07',
  message: 'relation "github_issues" already exists, skipping',
  file: 'parse_utilcmd.c',
  line: '207',
  routine: 'transformCreateStmt'
}
{
  severity_local: 'NOTICE',
  severity: 'NOTICE',
  code: '42P07',
  message: 'relation "github_pull_requests" already exists, skipping',
  file: 'parse_utilcmd.c',
  line: '207',
  routine: 'transformCreateStmt'
}
{
  severity_local: 'NOTICE',
  severity: 'NOTICE',
  code: '42P07',
  message: 'relation "github_repositories" already exists, skipping',
  file: 'parse_utilcmd.c',
  line: '207',
  routine: 'transformCreateStmt'
}
{
  severity_local: 'NOTICE',
  severity: 'NOTICE',
  code: '42P07',
  message: 'relation "user_weekly_goals" already exists, skipping',
  file: 'parse_utilcmd.c',
  line: '207',
  routine: 'transformCreateStmt'
}
{
  severity_local: 'NOTICE',
  severity: 'NOTICE',
  code: '42P07',
  message: 'relation "submission_review_events" already exists, skipping',
  file: 'parse_utilcmd.c',
  line: '207',
  routine: 'transformCreateStmt'
}
{
  severity_local: 'NOTICE',
  severity: 'NOTICE',
  code: '42P07',
  message: 'relation "submission_reviews" already exists, skipping',
  file: 'parse_utilcmd.c',
  line: '207',
  routine: 'transformCreateStmt'
}
{
  severity_local: 'NOTICE',
  severity: 'NOTICE',
  code: '42P07',
  message: 'relation "xp_events" already exists, skipping',
  file: 'parse_utilcmd.c',
  line: '207',
  routine: 'transformCreateStmt'
}
{
  severity_local: 'NOTICE',
  severity: 'NOTICE',
  code: '42701',
  message: 'column "live_demo_url" of relation "project_submissions" already exists, skipping',
  file: 'tablecmds.c',
  line: '7471',
  routine: 'check_for_column_name_collision'
}
{
  severity_local: 'NOTICE',
  severity: 'NOTICE',
  code: '42701',
  message: 'column "video_demo_url" of relation "project_submissions" already exists, skipping',
  file: 'tablecmds.c',
  line: '7471',
  routine: 'check_for_column_name_collision'
}
{
  severity_local: 'NOTICE',
  severity: 'NOTICE',
  code: '42701',
  message: 'column "screenshot_urls" of relation "project_submissions" already exists, skipping',
  file: 'tablecmds.c',
  line: '7471',
  routine: 'check_for_column_name_collision'
}
{
  severity_local: 'NOTICE',
  severity: 'NOTICE',
  code: '42701',
  message: 'column "review_round" of relation "project_submissions" already exists, skipping',
  file: 'tablecmds.c',
  line: '7471',
  routine: 'check_for_column_name_collision'
}
{
  severity_local: 'NOTICE',
  severity: 'NOTICE',
  code: '42701',
  message: 'column "claimed_by" of relation "project_submissions" already exists, skipping',
  file: 'tablecmds.c',
  line: '7471',
  routine: 'check_for_column_name_collision'
}
{
  severity_local: 'NOTICE',
  severity: 'NOTICE',
  code: '42701',
  message: 'column "claim_expires_at" of relation "project_submissions" already exists, skipping',
  file: 'tablecmds.c',
  line: '7471',
  routine: 'check_for_column_name_collision'
}
{
  severity_local: 'NOTICE',
  severity: 'NOTICE',
  code: '42701',
  message: 'column "email" of relation "users" already exists, skipping',
  file: 'tablecmds.c',
  line: '7471',
  routine: 'check_for_column_name_collision'
}
{
  severity_local: 'NOTICE',
  severity: 'NOTICE',
  code: '42701',
  message: 'column "website" of relation "users" already exists, skipping',
  file: 'tablecmds.c',
  line: '7471',
  routine: 'check_for_column_name_collision'
}
{
  severity_local: 'NOTICE',
  severity: 'NOTICE',
  code: '42701',
  message: 'column "twitter_url" of relation "users" already exists, skipping',
  file: 'tablecmds.c',
  line: '7471',
  routine: 'check_for_column_name_collision'
}
{
  severity_local: 'NOTICE',
  severity: 'NOTICE',
  code: '42701',
  message: 'column "linkedin_url" of relation "users" already exists, skipping',
  file: 'tablecmds.c',
  line: '7471',
  routine: 'check_for_column_name_collision'
}
{
  severity_local: 'NOTICE',
  severity: 'NOTICE',
  code: '42701',
  message: 'column "skills" of relation "users" already exists, skipping',
  file: 'tablecmds.c',
  line: '7471',
  routine: 'check_for_column_name_collision'
}
{
  severity_local: 'NOTICE',
  severity: 'NOTICE',
  code: '42701',
  message: 'column "email_notifications" of relation "users" already exists, skipping',
  file: 'tablecmds.c',
  line: '7471',
  routine: 'check_for_column_name_collision'
}
{
  severity_local: 'NOTICE',
  severity: 'NOTICE',
  code: '42701',
  message: 'column "role" of relation "users" already exists, skipping',
  file: 'tablecmds.c',
  line: '7471',
  routine: 'check_for_column_name_collision'
}
{
  severity_local: 'NOTICE',
  severity: 'NOTICE',
  code: '42701',
  message: 'column "last_active_at" of relation "users" already exists, skipping',
  file: 'tablecmds.c',
  line: '7471',
  routine: 'check_for_column_name_collision'
}
{
  severity_local: 'NOTICE',
  severity: 'NOTICE',
  code: '42622',
  message: 'identifier "submission_review_events_submission_id_project_submissions_id_fk" will be truncated to "submission_review_events_submission_id_project_submissions_id_f"',
  where: 'compilation of PL/pgSQL function "inline_code_block" near line 1',
  file: 'scansup.c',
  line: '99',
  routine: 'truncate_identifier'
}
{
  severity_local: 'NOTICE',
  severity: 'NOTICE',
  code: '42622',
  message: 'identifier "submission_review_events_submission_id_project_submissions_id_fk" will be truncated to "submission_review_events_submission_id_project_submissions_id_f"',
  position: '16',
  file: 'scansup.c',
  line: '99',
  routine: 'truncate_identifier'
}
{
  severity_local: 'NOTICE',
  severity: 'NOTICE',
  code: '42622',
  message: 'identifier "submission_review_events_submission_id_project_submissions_id_fk" will be truncated to "submission_review_events_submission_id_project_submissions_id_f"',
  where: 'SQL statement "ALTER TABLE "submission_review_events" ADD CONSTRAINT "submission_review_events_submission_id_project_submissions_id_fk" FOREIGN KEY ("submission_id") REFERENCES "public"."project_submissions"("id") ON DELETE cascade ON UPDATE no action"\n' +
    'PL/pgSQL function inline_code_block line 2 at SQL statement',
  file: 'scansup.c',
  line: '99',
  routine: 'truncate_identifier'
}
{
  severity_local: 'NOTICE',
  severity: 'NOTICE',
  code: '42P07',
  message: 'relation "github_commits_user_sha_repo_idx" already exists, skipping',
  file: 'index.c',
  line: '889',
  routine: 'index_create'
}
{
  severity_local: 'NOTICE',
  severity: 'NOTICE',
  code: '42P07',
  message: 'relation "github_commits_user_id_idx" already exists, skipping',
  file: 'index.c',
  line: '889',
  routine: 'index_create'
}
{
  severity_local: 'NOTICE',
  severity: 'NOTICE',
  code: '42P07',
  message: 'relation "github_commits_committed_at_idx" already exists, skipping',
  file: 'index.c',
  line: '889',
  routine: 'index_create'
}
{
  severity_local: 'NOTICE',
  severity: 'NOTICE',
  code: '42P07',
  message: 'relation "github_connections_login_idx" already exists, skipping',
  file: 'index.c',
  line: '889',
  routine: 'index_create'
}
{
  severity_local: 'NOTICE',
  severity: 'NOTICE',
  code: '42P07',
  message: 'relation "github_connections_sync_status_idx" already exists, skipping',
  file: 'index.c',
  line: '889',
  routine: 'index_create'
}
{
  severity_local: 'NOTICE',
  severity: 'NOTICE',
  code: '42P07',
  message: 'relation "github_connections_next_sync_at_idx" already exists, skipping',
  file: 'index.c',
  line: '889',
  routine: 'index_create'
}
{
  severity_local: 'NOTICE',
  severity: 'NOTICE',
  code: '42P07',
  message: 'relation "github_contribution_days_user_date_idx" already exists, skipping',
  file: 'index.c',
  line: '889',
  routine: 'index_create'
}
{
  severity_local: 'NOTICE',
  severity: 'NOTICE',
  code: '42P07',
  message: 'relation "github_contribution_days_user_id_idx" already exists, skipping',
  file: 'index.c',
  line: '889',
  routine: 'index_create'
}
{
  severity_local: 'NOTICE',
  severity: 'NOTICE',
  code: '42P07',
  message: 'relation "github_issues_user_github_id_idx" already exists, skipping',
  file: 'index.c',
  line: '889',
  routine: 'index_create'
}
{
  severity_local: 'NOTICE',
  severity: 'NOTICE',
  code: '42P07',
  message: 'relation "github_issues_user_id_idx" already exists, skipping',
  file: 'index.c',
  line: '889',
  routine: 'index_create'
}
{
  severity_local: 'NOTICE',
  severity: 'NOTICE',
  code: '42P07',
  message: 'relation "github_issues_state_idx" already exists, skipping',
  file: 'index.c',
  line: '889',
  routine: 'index_create'
}
{
  severity_local: 'NOTICE',
  severity: 'NOTICE',
  code: '42P07',
  message: 'relation "github_issues_relation_idx" already exists, skipping',
  file: 'index.c',
  line: '889',
  routine: 'index_create'
}
{
  severity_local: 'NOTICE',
  severity: 'NOTICE',
  code: '42P07',
  message: 'relation "github_pull_requests_user_github_id_idx" already exists, skipping',
  file: 'index.c',
  line: '889',
  routine: 'index_create'
}
{
  severity_local: 'NOTICE',
  severity: 'NOTICE',
  code: '42P07',
  message: 'relation "github_pull_requests_user_id_idx" already exists, skipping',
  file: 'index.c',
  line: '889',
  routine: 'index_create'
}
{
  severity_local: 'NOTICE',
  severity: 'NOTICE',
  code: '42P07',
  message: 'relation "github_pull_requests_state_idx" already exists, skipping',
  file: 'index.c',
  line: '889',
  routine: 'index_create'
}
{
  severity_local: 'NOTICE',
  severity: 'NOTICE',
  code: '42P07',
  message: 'relation "github_pull_requests_merged_idx" already exists, skipping',
  file: 'index.c',
  line: '889',
  routine: 'index_create'
}
{
  severity_local: 'NOTICE',
  severity: 'NOTICE',
  code: '42P07',
  message: 'relation "github_pull_requests_contribution_type_idx" already exists, skipping',
  file: 'index.c',
  line: '889',
  routine: 'index_create'
}
{
  severity_local: 'NOTICE',
  severity: 'NOTICE',
  code: '42P07',
  message: 'relation "github_repositories_user_github_id_idx" already exists, skipping',
  file: 'index.c',
  line: '889',
  routine: 'index_create'
}
{
  severity_local: 'NOTICE',
  severity: 'NOTICE',
  code: '42P07',
  message: 'relation "github_repositories_user_id_idx" already exists, skipping',
  file: 'index.c',
  line: '889',
  routine: 'index_create'
}
{
  severity_local: 'NOTICE',
  severity: 'NOTICE',
  code: '42P07',
  message: 'relation "github_repositories_language_idx" already exists, skipping',
  file: 'index.c',
  line: '889',
  routine: 'index_create'
}
{
  severity_local: 'NOTICE',
  severity: 'NOTICE',
  code: '42P07',
  message: 'relation "github_repositories_stargazers_idx" already exists, skipping',
  file: 'index.c',
  line: '889',
  routine: 'index_create'
}
{
  severity_local: 'NOTICE',
  severity: 'NOTICE',
  code: '42P07',
  message: 'relation "github_repositories_pushed_at_idx" already exists, skipping',
  file: 'index.c',
  line: '889',
  routine: 'index_create'
}
{
  severity_local: 'NOTICE',
  severity: 'NOTICE',
  code: '42P07',
  message: 'relation "user_weekly_goals_user_week_title_idx" already exists, skipping',
  file: 'index.c',
  line: '889',
  routine: 'index_create'
}
{
  severity_local: 'NOTICE',
  severity: 'NOTICE',
  code: '42P07',
  message: 'relation "user_weekly_goals_user_id_idx" already exists, skipping',
  file: 'index.c',
  line: '889',
  routine: 'index_create'
}
{
  severity_local: 'NOTICE',
  severity: 'NOTICE',
  code: '42P07',
  message: 'relation "user_weekly_goals_week_start_idx" already exists, skipping',
  file: 'index.c',
  line: '889',
  routine: 'index_create'
}
{
  severity_local: 'NOTICE',
  severity: 'NOTICE',
  code: '42P07',
  message: 'relation "submission_review_events_submission_id_idx" already exists, skipping',
  file: 'index.c',
  line: '889',
  routine: 'index_create'
}
{
  severity_local: 'NOTICE',
  severity: 'NOTICE',
  code: '42P07',
  message: 'relation "submission_review_events_actor_user_id_idx" already exists, skipping',
  file: 'index.c',
  line: '889',
  routine: 'index_create'
}
{
  severity_local: 'NOTICE',
  severity: 'NOTICE',
  code: '42P07',
  message: 'relation "submission_review_events_created_at_idx" already exists, skipping',
  file: 'index.c',
  line: '889',
  routine: 'index_create'
}
{
  severity_local: 'NOTICE',
  severity: 'NOTICE',
  code: '42P07',
  message: 'relation "submission_reviews_submission_reviewer_round_idx" already exists, skipping',
  file: 'index.c',
  line: '889',
  routine: 'index_create'
}
{
  severity_local: 'NOTICE',
  severity: 'NOTICE',
  code: '42P07',
  message: 'relation "submission_reviews_submission_id_idx" already exists, skipping',
  file: 'index.c',
  line: '889',
  routine: 'index_create'
}
{
  severity_local: 'NOTICE',
  severity: 'NOTICE',
  code: '42P07',
  message: 'relation "submission_reviews_reviewer_id_idx" already exists, skipping',
  file: 'index.c',
  line: '889',
  routine: 'index_create'
}
{
  severity_local: 'NOTICE',
  severity: 'NOTICE',
  code: '42P07',
  message: 'relation "xp_events_user_source_idx" already exists, skipping',
  file: 'index.c',
  line: '889',
  routine: 'index_create'
}
{
  severity_local: 'NOTICE',
  severity: 'NOTICE',
  code: '42P07',
  message: 'relation "xp_events_user_id_idx" already exists, skipping',
  file: 'index.c',
  line: '889',
  routine: 'index_create'
}
{
  severity_local: 'NOTICE',
  severity: 'NOTICE',
  code: '42P07',
  message: 'relation "xp_events_source_type_idx" already exists, skipping',
  file: 'index.c',
  line: '889',
  routine: 'index_create'
}
{
  severity_local: 'NOTICE',
  severity: 'NOTICE',
  code: '42P07',
  message: 'relation "project_submissions_claimed_by_idx" already exists, skipping',
  file: 'index.c',
  line: '889',
  routine: 'index_create'
}
{
  severity_local: 'NOTICE',
  severity: 'NOTICE',
  code: '42P07',
  message: 'relation "users_role_idx" already exists, skipping',
  file: 'index.c',
  line: '889',
  routine: 'index_create'
}
{
  severity_local: 'NOTICE',
  severity: 'NOTICE',
  code: '42P07',
  message: 'relation "users_last_active_at_idx" already exists, skipping',
  file: 'index.c',
  line: '889',
  routine: 'index_create'
}
[2K[1G[⢿] applying migrations...{
  severity_local: 'NOTICE',
  severity: 'NOTICE',
  code: '42P07',
  message: 'relation "user_chapter_quizzes" already exists, skipping',
  file: 'parse_utilcmd.c',
  line: '207',
  routine: 'transformCreateStmt'
}
{
  severity_local: 'NOTICE',
  severity: 'NOTICE',
  code: '42P07',
  message: 'relation "user_chapter_quizzes_user_roadmap_quiz_idx" already exists, skipping',
  file: 'index.c',
  line: '889',
  routine: 'index_create'
}
{
  severity_local: 'NOTICE',
  severity: 'NOTICE',
  code: '42P07',
  message: 'relation "user_chapter_quizzes_user_id_idx" already exists, skipping',
  file: 'index.c',
  line: '889',
  routine: 'index_create'
}
{
  severity_local: 'NOTICE',
  severity: 'NOTICE',
  code: '42P07',
  message: 'relation "user_chapter_quizzes_roadmap_slug_idx" already exists, skipping',
  file: 'index.c',
  line: '889',
  routine: 'index_create'
}
[2K[1G[⢿] applying migrations...